2026-07-15T17:15:27+02:00  ------------------------------------------------------------
2026-07-15T17:15:27+02:00  spotread bridge started: "/usr/local/bin/spotread" -e -s
2026-07-15T17:15:27+02:00  spotread process started pid=3819
2026-07-15T17:15:30+02:00  ERROR status=24 spotread failure: Communications failure; calibration_complete=False; raw=/var/folders/x4/3lldbfgs3msc6dt_h62lchr80000gn/T/spectralab_spotread_last_output.txt
2026-07-15T17:19:01+02:00  ------------------------------------------------------------
2026-07-15T17:19:01+02:00  spotread bridge started: "/usr/local/bin/spotread" -e -s
2026-07-15T17:19:01+02:00  spotread process started pid=3849
2026-07-15T17:19:03+02:00  calibration requested
2026-07-15T17:19:05+02:00  user confirmed calibration position
2026-07-15T17:19:12+02:00  calibration complete
2026-07-15T17:19:12+02:00  measurement position requested
2026-07-15T17:19:19+02:00  user confirmed measurement position
2026-07-15T17:19:19+02:00  measurement started
2026-07-15T17:19:20+02:00  measurement complete; raw=/var/folders/x4/3lldbfgs3msc6dt_h62lchr80000gn/T/spectralab_spotread_last_output.txt
2026-07-15T17:21:08+02:00  ------------------------------------------------------------
2026-07-15T17:21:08+02:00  spotread bridge started: "/usr/local/bin/spotread" -e -s
2026-07-15T17:21:08+02:00  spotread process started pid=3870
2026-07-15T17:21:11+02:00  ERROR status=24 spotread failure: Communications failure; calibration_complete=False; raw=/var/folders/x4/3lldbfgs3msc6dt_h62lchr80000gn/T/spectralab_spotread_last_output.txt
2026-07-15T17:24:15+02:00  ------------------------------------------------------------
2026-07-15T17:24:15+02:00  spotread bridge started: "/usr/local/bin/spotread" -e -s
2026-07-15T17:24:15+02:00  spotread process started pid=4119
2026-07-15T17:24:18+02:00  ERROR status=24 spotread failure: Communications failure; calibration_complete=False; raw=/var/folders/x4/3lldbfgs3msc6dt_h62lchr80000gn/T/spectralab_spotread_last_output.txt
2026-07-15T17:30:42+02:00  ------------------------------------------------------------
2026-07-15T17:30:42+02:00  spotread bridge started: "/usr/local/bin/spotread" -e -s
2026-07-15T17:30:42+02:00  startup attempt 1/3
2026-07-15T17:30:42+02:00  spotread process started pid=4266
2026-07-15T17:30:44+02:00  calibration requested
2026-07-15T17:30:50+02:00  user confirmed calibration position
2026-07-15T17:30:56+02:00  calibration complete
2026-07-15T17:30:56+02:00  measurement position requested
2026-07-15T17:31:02+02:00  user confirmed measurement position
2026-07-15T17:31:02+02:00  measurement started
2026-07-15T17:31:03+02:00  measurement complete; raw=/var/folders/x4/3lldbfgs3msc6dt_h62lchr80000gn/T/spectralab_spotread_last_output.txt
